------------------------------------------------------------
Timing Analyzer Summary
------------------------------------------------------------

Type  : Slow 1100mV 85C Model Setup 'CLOCK_50'
Slack : -3.920
TNS   : -242.667

Type  : Slow 1100mV 85C Model Hold 'CLOCK_50'
Slack : 0.341
TNS   : 0.000

Type  : Slow 1100mV 85C Model Recovery 'CLOCK_50'
Slack : -2.625
TNS   : -10.466

Type  : Slow 1100mV 85C Model Removal 'CLOCK_50'
Slack : 1.016
TNS   : 0.000

Type  : Slow 1100mV 85C Model Minimum Pulse Width 'CLOCK_50'
Slack : -0.394
TNS   : -47.914

Type  : Slow 1100mV 85C Model Minimum Pulse Width 'reset'
Slack : 0.131
TNS   : 0.000

Type  : Slow 1100mV 0C Model Setup 'CLOCK_50'
Slack : -3.975
TNS   : -239.643

Type  : Slow 1100mV 0C Model Hold 'CLOCK_50'
Slack : 0.329
TNS   : 0.000

Type  : Slow 1100mV 0C Model Recovery 'CLOCK_50'
Slack : -2.368
TNS   : -9.435

Type  : Slow 1100mV 0C Model Removal 'CLOCK_50'
Slack : 0.705
TNS   : 0.000

Type  : Slow 1100mV 0C Model Minimum Pulse Width 'CLOCK_50'
Slack : -0.394
TNS   : -51.287

Type  : Slow 1100mV 0C Model Minimum Pulse Width 'reset'
Slack : 0.132
TNS   : 0.000

Type  : Fast 1100mV 85C Model Setup 'CLOCK_50'
Slack : -2.100
TNS   : -113.193

Type  : Fast 1100mV 85C Model Hold 'CLOCK_50'
Slack : 0.183
TNS   : 0.000

Type  : Fast 1100mV 85C Model Recovery 'CLOCK_50'
Slack : -1.924
TNS   : -7.683

Type  : Fast 1100mV 85C Model Removal 'CLOCK_50'
Slack : 0.529
TNS   : 0.000

Type  : Fast 1100mV 85C Model Minimum Pulse Width 'CLOCK_50'
Slack : -0.094
TNS   : -8.196

Type  : Fast 1100mV 85C Model Minimum Pulse Width 'reset'
Slack : -0.064
TNS   : -0.311

Type  : Fast 1100mV 0C Model Setup 'CLOCK_50'
Slack : -1.859
TNS   : -97.478

Type  : Fast 1100mV 0C Model Hold 'CLOCK_50'
Slack : 0.171
TNS   : 0.000

Type  : Fast 1100mV 0C Model Recovery 'CLOCK_50'
Slack : -1.668
TNS   : -6.659

Type  : Fast 1100mV 0C Model Removal 'CLOCK_50'
Slack : 0.322
TNS   : 0.000

Type  : Fast 1100mV 0C Model Minimum Pulse Width 'CLOCK_50'
Slack : -0.091
TNS   : -7.932

Type  : Fast 1100mV 0C Model Minimum Pulse Width 'reset'
Slack : -0.065
TNS   : -0.321

------------------------------------------------------------
