------------------------------------------------------------
Timing Analyzer Summary
------------------------------------------------------------

Type  : Slow 1100mV 85C Model Setup 'clk'
Slack : -5.051
TNS   : -84.504

Type  : Slow 1100mV 85C Model Setup 'PreScale:prescaler|toggle'
Slack : -2.935
TNS   : -10.781

Type  : Slow 1100mV 85C Model Hold 'clk'
Slack : 0.378
TNS   : 0.000

Type  : Slow 1100mV 85C Model Hold 'PreScale:prescaler|toggle'
Slack : 0.947
TNS   : 0.000

Type  : Slow 1100mV 85C Model Recovery 'PreScale:prescaler|toggle'
Slack : -2.242
TNS   : -8.955

Type  : Slow 1100mV 85C Model Removal 'PreScale:prescaler|toggle'
Slack : 1.054
TNS   : 0.000

Type  : Slow 1100mV 85C Model Minimum Pulse Width 'clk'
Slack : -0.394
TNS   : -18.932

Type  : Slow 1100mV 85C Model Minimum Pulse Width 'PreScale:prescaler|toggle'
Slack : -0.394
TNS   : -2.676

Type  : Slow 1100mV 85C Model Minimum Pulse Width 'reset'
Slack : 0.094
TNS   : 0.000

Type  : Slow 1100mV 0C Model Setup 'clk'
Slack : -5.166
TNS   : -83.799

Type  : Slow 1100mV 0C Model Setup 'PreScale:prescaler|toggle'
Slack : -3.138
TNS   : -11.496

Type  : Slow 1100mV 0C Model Hold 'clk'
Slack : 0.379
TNS   : 0.000

Type  : Slow 1100mV 0C Model Hold 'PreScale:prescaler|toggle'
Slack : 0.934
TNS   : 0.000

Type  : Slow 1100mV 0C Model Recovery 'PreScale:prescaler|toggle'
Slack : -2.310
TNS   : -9.227

Type  : Slow 1100mV 0C Model Removal 'PreScale:prescaler|toggle'
Slack : 1.096
TNS   : 0.000

Type  : Slow 1100mV 0C Model Minimum Pulse Width 'clk'
Slack : -0.394
TNS   : -20.690

Type  : Slow 1100mV 0C Model Minimum Pulse Width 'PreScale:prescaler|toggle'
Slack : -0.394
TNS   : -2.824

Type  : Slow 1100mV 0C Model Minimum Pulse Width 'reset'
Slack : 0.084
TNS   : 0.000

Type  : Fast 1100mV 85C Model Setup 'clk'
Slack : -2.789
TNS   : -34.737

Type  : Fast 1100mV 85C Model Setup 'PreScale:prescaler|toggle'
Slack : -1.785
TNS   : -6.762

Type  : Fast 1100mV 85C Model Hold 'clk'
Slack : 0.200
TNS   : 0.000

Type  : Fast 1100mV 85C Model Hold 'PreScale:prescaler|toggle'
Slack : 0.398
TNS   : 0.000

Type  : Fast 1100mV 85C Model Recovery 'PreScale:prescaler|toggle'
Slack : -1.561
TNS   : -6.240

Type  : Fast 1100mV 85C Model Removal 'PreScale:prescaler|toggle'
Slack : 0.406
TNS   : 0.000

Type  : Fast 1100mV 85C Model Minimum Pulse Width 'clk'
Slack : -0.202
TNS   : -3.241

Type  : Fast 1100mV 85C Model Minimum Pulse Width 'reset'
Slack : -0.068
TNS   : -0.350

Type  : Fast 1100mV 85C Model Minimum Pulse Width 'PreScale:prescaler|toggle'
Slack : -0.055
TNS   : -0.215

Type  : Fast 1100mV 0C Model Setup 'clk'
Slack : -2.539
TNS   : -29.928

Type  : Fast 1100mV 0C Model Setup 'PreScale:prescaler|toggle'
Slack : -1.880
TNS   : -7.099

Type  : Fast 1100mV 0C Model Hold 'clk'
Slack : 0.189
TNS   : 0.000

Type  : Fast 1100mV 0C Model Hold 'PreScale:prescaler|toggle'
Slack : 0.402
TNS   : 0.000

Type  : Fast 1100mV 0C Model Recovery 'PreScale:prescaler|toggle'
Slack : -1.614
TNS   : -6.452

Type  : Fast 1100mV 0C Model Removal 'PreScale:prescaler|toggle'
Slack : 0.484
TNS   : 0.000

Type  : Fast 1100mV 0C Model Minimum Pulse Width 'clk'
Slack : -0.217
TNS   : -3.155

Type  : Fast 1100mV 0C Model Minimum Pulse Width 'reset'
Slack : -0.070
TNS   : -0.366

Type  : Fast 1100mV 0C Model Minimum Pulse Width 'PreScale:prescaler|toggle'
Slack : -0.053
TNS   : -0.206

------------------------------------------------------------
